yarn run v1.22.22
$ react-scripts build
Creating an optimized production build...
